<html>
<body>
<pre>
<h1>µVision Build Log</h1>
<h2>Tool Versions:</h2>
IDE-Version: ¦ÌVision V5.30.0.0
Copyright (C) 2020 ARM Ltd and ARM Germany GmbH. All rights reserved.
License Information: 233 Daniel, 233, LIC=EXJT4-FPEZE-2ZWW4-FU4KK-KZDPA-NYWDH
 
Tool Versions:
Toolchain:       MDK-ARM Plus  Version: 5.30.0.0
Toolchain Path:  D:\Keil_v5\ARM\ARMCC\Bin
C Compiler:      Armcc.exe V5.06 update 6 (build 750)
Assembler:       Armasm.exe V5.06 update 6 (build 750)
Linker/Locator:  ArmLink.exe V5.06 update 6 (build 750)
Library Manager: ArmAr.exe V5.06 update 6 (build 750)
Hex Converter:   FromElf.exe V5.06 update 6 (build 750)
CPU DLL:         SARMCM3.DLL V5.30.0.0
Dialog DLL:      DCM.DLL V1.17.3.0
Target DLL:      Segger\JL2CM3.dll V2.99.38.0
Dialog DLL:      TCM.DLL V1.42.0.0
 
<h2>Project:</h2>
D:\Simulink_stm32f4\STM32F407VET6\BalanceCar\MDK-ARM\BalanceCar.uvprojx
Project File Date:  12/20/2021

<h2>Output:</h2>
*** Using Compiler 'V5.06 update 6 (build 750)', folder: 'D:\Keil_v5\ARM\ARMCC\Bin'
Build target 'BalanceCar'
compiling rtGetInf.c...
compiling rtGetNaN.c...
compiling rt_nonfinite.c...
compiling main.c...
compiling BanlanceCar_data.c...
compiling BanlanceCar.c...
compiling BanlanceCar_TIM.c...
D:/Simulink_stm32f4/STM32F407VET6/BalanceCar/BanlanceCar/Src/BanlanceCar_TIM.c(140): warning:  #223-D: function "snprintf" declared implicitly
        snprintf(&string[0], 31, &b[0], rtb_Switch_idx_0, rtb_Switch_idx_1);
D:/Simulink_stm32f4/STM32F407VET6/BalanceCar/BanlanceCar/Src/BanlanceCar_TIM.c(143): warning:  #223-D: function "getBuffPtr" declared implicitly
        BanlanceCar_B.Buff = getBuffPtr(&string[0]);
D:/Simulink_stm32f4/STM32F407VET6/BalanceCar/BanlanceCar/Src/BanlanceCar_TIM.c: 2 warnings, 0 errors
compiling BanlanceCar_USART.c...
linking...
Program Size: Code=16234 RO-data=682 RW-data=40 ZI-data=3128  
FromELF: creating hex file...
"BalanceCar\BalanceCar.axf" - 0 Error(s), 2 Warning(s).

<h2>Software Packages used:</h2>

Package Vendor: ARM
                http://www.keil.com/pack/ARM.CMSIS.5.7.0.pack
                ARM.CMSIS.5.7.0
                CMSIS (Cortex Microcontroller Software Interface Standard)
   * Component: CORE Version: 5.4.0

Package Vendor: Keil
                http://www.keil.com/pack/Keil.STM32F4xx_DFP.2.14.0.pack
                Keil.STM32F4xx_DFP.2.14.0
                STMicroelectronics STM32F4 Series Device Support, Drivers and Examples

<h2>Collection of Component include folders:</h2>
  .\RTE\_BalanceCar
  D:\Users\Daniel\AppData\Local\Arm\Packs\ARM\CMSIS\5.7.0\CMSIS\Core\Include
  D:\Users\Daniel\AppData\Local\Arm\Packs\Keil\STM32F4xx_DFP\2.14.0\Drivers\CMSIS\Device\ST\STM32F4xx\Include

<h2>Collection of Component Files used:</h2>

   * Component: ARM::CMSIS:CORE:5.4.0
      Include file:  CMSIS\Core\Include\tz_context.h
Build Time Elapsed:  00:00:12
</pre>
</body>
</html>
